# the list of sub-directories with modules
modules_dirs:=modules

# the list of module groups to compile
cfg_group_include=

# the list of extra modules to compile
include_modules= pua_dialoginfo presence presence_dialoginfo presence_mwi presence_profile presence_reginfo presence_xml pua pua_bla pua_dialoginfo pua_mi pua_reginfo pua_usrloc pua_xmpp sl kazoo tls siptrace sipcapture xhttp websocket qos ratelimit msrp avpops avp sqlops db_mysql timer ipops path outbound statistics uuid async

# the list of static modules
static_modules=

# the list of modules to skip from compile list
skip_modules=

# the list of modules to exclude from compile list
exclude_modules= acc_radius app_java app_lua app_mono app_perl app_python auth_ephemeral auth_identity auth_radius carrierroute cdp cdp_avp cnxcc cpl-c curl db2_ldap db_berkeley db_cassandra db_mongodb db_mysql db_oracle db_perlvdb db_postgres db_sqlite db_unixodbc dialog_ng dialplan dnssec erlang evapi geoip geoip2 gzcompress h350 ims_auth ims_charging ims_icscf ims_isc ims_qos ims_ registrar_pcscf ims_registrar_scscf ims_usrloc_pcscf ims_usrloc_scscf iptrtpproxy jansson janssonrpc-c json jsonrpc-c kazoo lcr ldap log_systemd memcached mi_xmlrpc misc_radius ndb_cassandra ndb_mongodb ndb_redis osp outbound peering presence presence_conference presence_dialoginfo presence_mwi presence_profile presence_reginfo presence_xml pua pua_bla pua_dialoginfo pua_mi pua_reginfo pua_usrloc pua_xmpp purple regex rls sctp snmpstats tls utils uuid websocket xcap_client xcap_server xhttp_pi xmlops xmlrpc xmpp $(skip_modules)

modules_all= $(filter-out modules/CVS,$(wildcard modules/*))
modules_noinc= $(filter-out $(addprefix modules/, $(exclude_modules) $(static_modules)), $(modules_all))
modules= $(filter-out $(modules_noinc), $(addprefix modules/, $(include_modules) )) $(modules_noinc)
modules_configured:=1
